
> AqwaValley@0.1.0 typecheck C:\Users\dell\Documents\AqwaValley
> tsc --noEmit

src/server/services/user/UserProvisioningOrchestrator.ts(99,9): error TS2345: Argument of type 'PgTransaction<PostgresJsQueryResultHKT, typeof import("C:/Users/dell/Documents/AqwaValley/src/server/db/schema"), ExtractTablesWithRelations<typeof import("C:/Users/dell/Documents/AqwaValley/src/server/db/schema")>>' is not assignable to parameter of type 'PostgresJsDatabase<typeof import("C:/Users/dell/Documents/AqwaValley/src/server/db/schema")> & { $client: Sql<{}>; }'.
  Property '$client' is missing in type 'PgTransaction<PostgresJsQueryResultHKT, typeof import("C:/Users/dell/Documents/AqwaValley/src/server/db/schema"), ExtractTablesWithRelations<typeof import("C:/Users/dell/Documents/AqwaValley/src/server/db/schema")>>' but required in type '{ $client: Sql<{}>; }'.
src/server/services/user/UserProvisioningOrchestrator.ts(122,9): error TS2345: Argument of type 'PgTransaction<PostgresJsQueryResultHKT, typeof import("C:/Users/dell/Documents/AqwaValley/src/server/db/schema"), ExtractTablesWithRelations<typeof import("C:/Users/dell/Documents/AqwaValley/src/server/db/schema")>>' is not assignable to parameter of type 'PostgresJsDatabase<typeof import("C:/Users/dell/Documents/AqwaValley/src/server/db/schema")> & { $client: Sql<{}>; }'.
  Property '$client' is missing in type 'PgTransaction<PostgresJsQueryResultHKT, typeof import("C:/Users/dell/Documents/AqwaValley/src/server/db/schema"), ExtractTablesWithRelations<typeof import("C:/Users/dell/Documents/AqwaValley/src/server/db/schema")>>' but required in type '{ $client: Sql<{}>; }'.
src/server/services/user/UserProvisioningOrchestrator.ts(133,9): error TS2345: Argument of type 'PgTransaction<PostgresJsQueryResultHKT, typeof import("C:/Users/dell/Documents/AqwaValley/src/server/db/schema"), ExtractTablesWithRelations<typeof import("C:/Users/dell/Documents/AqwaValley/src/server/db/schema")>>' is not assignable to parameter of type 'PostgresJsDatabase<typeof import("C:/Users/dell/Documents/AqwaValley/src/server/db/schema")> & { $client: Sql<{}>; }'.
  Property '$client' is missing in type 'PgTransaction<PostgresJsQueryResultHKT, typeof import("C:/Users/dell/Documents/AqwaValley/src/server/db/schema"), ExtractTablesWithRelations<typeof import("C:/Users/dell/Documents/AqwaValley/src/server/db/schema")>>' but required in type '{ $client: Sql<{}>; }'.
src/server/services/user/UserProvisioningOrchestrator.ts(145,11): error TS2345: Argument of type 'PgTransaction<PostgresJsQueryResultHKT, typeof import("C:/Users/dell/Documents/AqwaValley/src/server/db/schema"), ExtractTablesWithRelations<typeof import("C:/Users/dell/Documents/AqwaValley/src/server/db/schema")>>' is not assignable to parameter of type 'PostgresJsDatabase<typeof import("C:/Users/dell/Documents/AqwaValley/src/server/db/schema")> & { $client: Sql<{}>; }'.
  Property '$client' is missing in type 'PgTransaction<PostgresJsQueryResultHKT, typeof import("C:/Users/dell/Documents/AqwaValley/src/server/db/schema"), ExtractTablesWithRelations<typeof import("C:/Users/dell/Documents/AqwaValley/src/server/db/schema")>>' but required in type '{ $client: Sql<{}>; }'.
src/server/services/user/UserProvisioningOrchestrator.ts(164,9): error TS2345: Argument of type 'PgTransaction<PostgresJsQueryResultHKT, typeof import("C:/Users/dell/Documents/AqwaValley/src/server/db/schema"), ExtractTablesWithRelations<typeof import("C:/Users/dell/Documents/AqwaValley/src/server/db/schema")>>' is not assignable to parameter of type 'PostgresJsDatabase<typeof import("C:/Users/dell/Documents/AqwaValley/src/server/db/schema")> & { $client: Sql<{}>; }'.
  Property '$client' is missing in type 'PgTransaction<PostgresJsQueryResultHKT, typeof import("C:/Users/dell/Documents/AqwaValley/src/server/db/schema"), ExtractTablesWithRelations<typeof import("C:/Users/dell/Documents/AqwaValley/src/server/db/schema")>>' but required in type '{ $client: Sql<{}>; }'.
ظëELIFECYCLEظë Command failed with exit code 1.
